
We've detected multiple sites inside your repository
? Select the site you want to work with (Use arrow keys or type to search)
❯ @liamrdawsonweb/cms  packages/cms  --filter @liamrdawsonweb/cms 
  remix-app  packages/remix-app  --filter remix-app [2A[52D[74C[2B
